[2026-10-04T08:18:24.460Z] [INFO ] ══════════════════════════════════════════
[2026-10-04T08:18:24.463Z] [INFO ]   iNext ERP → Shopify Sync Starting
[2026-10-04T08:18:24.463Z] [INFO ] ══════════════════════════════════════════
[2026-10-04T08:18:24.464Z] [INFO ] Auto mode: syncing every 2 min. Press Ctrl+C to stop.
[2026-10-04T08:18:24.465Z] [INFO ] Calling iNext ERP API...
[2026-10-04T08:18:29.369Z] [OK   ] iNext sent 112 items
[2026-10-04T08:18:29.371Z] [INFO ] Using permanent Shopify Admin token from .env
[2026-10-04T08:18:30.785Z] [INFO ] Using Shopify location 109294616760 for stock updates
[2026-10-04T08:18:33.324Z] [OK   ] [44/112] STOCK: 0 → 1 (SKU: M01263794)
[2026-10-04T08:18:33.935Z] [INFO ] ══════════════════════════════════════════
[2026-10-04T08:18:33.936Z] [INFO ]   Sync Complete in 9.5s
[2026-10-04T08:18:33.936Z] [INFO ]   ✅ Created : 0
[2026-10-04T08:18:33.937Z] [INFO ]   🔄 Updated : 0
[2026-10-04T08:18:33.937Z] [INFO ]   📦 Stock   : 1 changed
[2026-10-04T08:18:33.938Z] [INFO ]   ⏭️  Skipped : 111
[2026-10-04T08:18:33.938Z] [INFO ]   ❌ Errors  : 0
[2026-10-04T08:18:33.938Z] [INFO ] ══════════════════════════════════════════
[2026-10-04T08:20:33.944Z] [INFO ] Calling iNext ERP API...
[2026-10-04T08:20:35.012Z] [OK   ] iNext sent 112 items
[2026-10-04T08:20:35.884Z] [INFO ] No changes: all 112 products already up to date (1.9s)
[2026-10-04T08:22:35.900Z] [INFO ] Calling iNext ERP API...
[2026-10-04T08:22:36.946Z] [OK   ] iNext sent 112 items
[2026-10-04T08:22:37.752Z] [INFO ] No changes: all 112 products already up to date (1.9s)
[2026-10-04T08:24:37.759Z] [INFO ] Calling iNext ERP API...
[2026-10-04T08:24:38.873Z] [OK   ] iNext sent 112 items
[2026-10-04T08:24:39.708Z] [INFO ] No changes: all 112 products already up to date (1.9s)
[2026-10-04T08:26:39.719Z] [INFO ] Calling iNext ERP API...
[2026-10-04T08:26:40.897Z] [OK   ] iNext sent 112 items
[2026-10-04T08:26:41.832Z] [INFO ] No changes: all 112 products already up to date (2.1s)
[2026-10-04T08:28:41.838Z] [INFO ] Calling iNext ERP API...
[2026-10-04T08:28:43.016Z] [OK   ] iNext sent 112 items
[2026-10-04T08:28:43.813Z] [INFO ] No changes: all 112 products already up to date (2.0s)
[2026-10-04T08:30:43.822Z] [INFO ] Calling iNext ERP API...
[2026-10-04T08:30:45.139Z] [OK   ] iNext sent 112 items
[2026-10-04T08:30:46.025Z] [INFO ] No changes: all 112 products already up to date (2.2s)
[2026-10-04T08:32:46.034Z] [INFO ] Calling iNext ERP API...
[2026-10-04T08:32:47.128Z] [OK   ] iNext sent 112 items
[2026-10-04T08:32:47.921Z] [INFO ] No changes: all 112 products already up to date (1.9s)
[2026-10-04T08:34:47.923Z] [INFO ] Calling iNext ERP API...
[2026-10-04T08:34:49.188Z] [OK   ] iNext sent 112 items
[2026-10-04T08:34:50.399Z] [INFO ] No changes: all 112 products already up to date (2.5s)
[2026-10-04T08:36:50.401Z] [INFO ] Calling iNext ERP API...
[2026-10-04T08:36:51.499Z] [OK   ] iNext sent 112 items
[2026-10-04T08:36:52.380Z] [INFO ] No changes: all 112 products already up to date (2.0s)
[2026-10-04T08:38:52.395Z] [INFO ] Calling iNext ERP API...
[2026-10-04T08:38:53.589Z] [OK   ] iNext sent 112 items
[2026-10-04T08:38:54.532Z] [INFO ] No changes: all 112 products already up to date (2.1s)
[2026-10-04T08:40:54.545Z] [INFO ] Calling iNext ERP API...
[2026-10-04T08:40:55.815Z] [OK   ] iNext sent 112 items
[2026-10-04T08:40:56.805Z] [INFO ] No changes: all 112 products already up to date (2.3s)
[2026-10-04T08:42:56.815Z] [INFO ] Calling iNext ERP API...
[2026-10-04T08:42:57.828Z] [OK   ] iNext sent 112 items
[2026-10-04T08:42:58.822Z] [INFO ] No changes: all 112 products already up to date (2.0s)
[2026-10-04T08:44:58.837Z] [INFO ] Calling iNext ERP API...
[2026-10-04T08:44:59.956Z] [OK   ] iNext sent 112 items
[2026-10-04T08:45:00.793Z] [INFO ] No changes: all 112 products already up to date (2.0s)
[2026-10-04T08:47:00.800Z] [INFO ] Calling iNext ERP API...
[2026-10-04T08:47:01.921Z] [OK   ] iNext sent 112 items
[2026-10-04T08:47:02.734Z] [INFO ] No changes: all 112 products already up to date (1.9s)
[2026-10-04T08:49:02.744Z] [INFO ] Calling iNext ERP API...
[2026-10-04T08:49:04.190Z] [OK   ] iNext sent 112 items
[2026-10-04T08:49:05.063Z] [INFO ] No changes: all 112 products already up to date (2.3s)
[2026-10-04T08:51:05.070Z] [INFO ] Calling iNext ERP API...
[2026-10-04T08:51:06.082Z] [OK   ] iNext sent 112 items
[2026-10-04T08:51:06.932Z] [INFO ] No changes: all 112 products already up to date (1.9s)
[2026-10-04T08:53:06.944Z] [INFO ] Calling iNext ERP API...
[2026-10-04T08:53:08.113Z] [OK   ] iNext sent 112 items
[2026-10-04T08:53:08.920Z] [INFO ] No changes: all 112 products already up to date (2.0s)
[2026-10-04T08:55:08.935Z] [INFO ] Calling iNext ERP API...
[2026-10-04T08:55:09.980Z] [OK   ] iNext sent 112 items
[2026-10-04T08:55:10.841Z] [INFO ] No changes: all 112 products already up to date (1.9s)
[2026-10-04T08:57:10.854Z] [INFO ] Calling iNext ERP API...
[2026-10-04T08:57:11.959Z] [OK   ] iNext sent 112 items
[2026-10-04T08:57:12.929Z] [INFO ] No changes: all 112 products already up to date (2.1s)
[2026-10-04T08:59:12.945Z] [INFO ] Calling iNext ERP API...
[2026-10-04T08:59:14.083Z] [OK   ] iNext sent 112 items
[2026-10-04T08:59:14.966Z] [INFO ] No changes: all 112 products already up to date (2.0s)
[2026-10-04T09:01:14.974Z] [INFO ] Calling iNext ERP API...
[2026-10-04T09:01:16.104Z] [OK   ] iNext sent 112 items
[2026-10-04T09:01:16.936Z] [INFO ] No changes: all 112 products already up to date (2.0s)
[2026-10-04T09:03:16.942Z] [INFO ] Calling iNext ERP API...
[2026-10-04T09:03:17.970Z] [OK   ] iNext sent 112 items
[2026-10-04T09:03:19.006Z] [INFO ] No changes: all 112 products already up to date (2.1s)
[2026-10-04T09:05:19.014Z] [INFO ] Calling iNext ERP API...
[2026-10-04T09:05:20.079Z] [OK   ] iNext sent 112 items
[2026-10-04T09:05:20.943Z] [INFO ] No changes: all 112 products already up to date (1.9s)
[2026-10-04T09:07:20.950Z] [INFO ] Calling iNext ERP API...
[2026-10-04T09:07:22.108Z] [OK   ] iNext sent 112 items
[2026-10-04T09:07:23.023Z] [INFO ] No changes: all 112 products already up to date (2.1s)
[2026-10-04T09:09:23.024Z] [INFO ] Calling iNext ERP API...
[2026-10-04T09:09:24.189Z] [OK   ] iNext sent 112 items
[2026-10-04T09:09:25.147Z] [INFO ] No changes: all 112 products already up to date (2.1s)
[2026-10-04T09:11:25.153Z] [INFO ] Calling iNext ERP API...
[2026-10-04T09:11:26.264Z] [OK   ] iNext sent 112 items
[2026-10-04T09:11:27.087Z] [INFO ] No changes: all 112 products already up to date (1.9s)
[2026-10-04T09:13:27.088Z] [INFO ] Calling iNext ERP API...
[2026-10-04T09:13:28.179Z] [OK   ] iNext sent 112 items
[2026-10-04T09:13:29.021Z] [INFO ] No changes: all 112 products already up to date (1.9s)
[2026-10-04T09:15:29.022Z] [INFO ] Calling iNext ERP API...
[2026-10-04T09:15:30.142Z] [OK   ] iNext sent 112 items
[2026-10-04T09:15:31.011Z] [INFO ] No changes: all 112 products already up to date (2.0s)
[2026-10-04T10:07:50.939Z] [INFO ] ══════════════════════════════════════════
[2026-10-04T10:07:50.941Z] [INFO ]   iNext ERP → Shopify Sync Starting
[2026-10-04T10:07:50.942Z] [INFO ] ══════════════════════════════════════════
[2026-10-04T10:07:50.943Z] [INFO ] Auto mode: syncing every 2 min. Press Ctrl+C to stop.
[2026-10-04T10:07:50.944Z] [INFO ] Calling iNext ERP API...
[2026-10-04T10:07:54.733Z] [OK   ] iNext sent 112 items
[2026-10-04T10:07:54.734Z] [INFO ] Using permanent Shopify Admin token from .env
[2026-10-04T10:07:56.009Z] [INFO ] No changes: all 112 products already up to date (5.1s)
[2026-10-04T10:09:56.019Z] [INFO ] Calling iNext ERP API...
[2026-10-04T10:09:57.112Z] [OK   ] iNext sent 112 items
[2026-10-04T10:09:57.868Z] [INFO ] No changes: all 112 products already up to date (1.8s)
[2026-10-04T10:11:57.874Z] [INFO ] Calling iNext ERP API...
[2026-10-04T10:11:59.046Z] [OK   ] iNext sent 112 items
[2026-10-04T10:11:59.823Z] [INFO ] No changes: all 112 products already up to date (1.9s)
[2026-10-04T10:13:59.827Z] [INFO ] Calling iNext ERP API...
[2026-10-04T10:14:00.914Z] [OK   ] iNext sent 112 items
[2026-10-04T10:14:01.750Z] [INFO ] No changes: all 112 products already up to date (1.9s)
[2026-10-04T10:16:01.762Z] [INFO ] Calling iNext ERP API...
[2026-10-04T10:16:04.915Z] [OK   ] iNext sent 112 items
[2026-10-04T10:16:05.772Z] [INFO ] No changes: all 112 products already up to date (4.0s)
[2026-10-04T10:18:05.788Z] [INFO ] Calling iNext ERP API...
[2026-10-04T10:18:07.014Z] [OK   ] iNext sent 112 items
[2026-10-04T10:18:07.907Z] [INFO ] No changes: all 112 products already up to date (2.1s)
[2026-10-04T10:20:07.909Z] [INFO ] Calling iNext ERP API...
[2026-10-04T10:20:09.041Z] [OK   ] iNext sent 112 items
[2026-10-04T10:20:09.974Z] [INFO ] No changes: all 112 products already up to date (2.1s)
[2026-10-04T12:02:19.490Z] [INFO ] ══════════════════════════════════════════
[2026-10-04T12:02:19.492Z] [INFO ]   iNext ERP → Shopify Sync Starting
[2026-10-04T12:02:19.492Z] [INFO ] ══════════════════════════════════════════
[2026-10-04T12:02:19.493Z] [INFO ] Auto mode: syncing every 2 min. Press Ctrl+C to stop.
[2026-10-04T12:02:19.494Z] [INFO ] Calling iNext ERP API...
[2026-10-04T12:02:24.039Z] [OK   ] iNext sent 116 items
[2026-10-04T12:02:24.040Z] [INFO ] Using permanent Shopify Admin token from .env
[2026-10-04T12:02:31.008Z] [WARN ] Online Store publication not found; product created but not published.
[2026-10-04T12:02:31.009Z] [OK   ] [13/116] CREATED: "N58232 - FIROZE" (SKU: M01262201)
[2026-10-04T12:02:34.242Z] [WARN ] Online Store publication not found; product created but not published.
[2026-10-04T12:02:34.243Z] [OK   ] [14/116] CREATED: "N58232 - ONION" (SKU: M01262202)
[2026-10-04T12:02:38.040Z] [WARN ] Online Store publication not found; product created but not published.
[2026-10-04T12:02:38.041Z] [OK   ] [44/116] CREATED: "HS9-00021 - PINK" (SKU: M0126314)
[2026-10-04T12:02:42.485Z] [WARN ] Online Store publication not found; product created but not published.
[2026-10-04T12:02:42.486Z] [OK   ] [45/116] CREATED: "HS9-00021 - YELLOW" (SKU: M0126315)
[2026-10-04T12:02:43.100Z] [INFO ] ══════════════════════════════════════════
[2026-10-04T12:02:43.101Z] [INFO ]   Sync Complete in 23.6s
[2026-10-04T12:02:43.102Z] [INFO ]   ✅ Created : 4
[2026-10-04T12:02:43.102Z] [INFO ]   🔄 Updated : 0
[2026-10-04T12:02:43.102Z] [INFO ]   📦 Stock   : 0 changed
[2026-10-04T12:02:43.103Z] [INFO ]   ⏭️  Skipped : 112
[2026-10-04T12:02:43.103Z] [INFO ]   ❌ Errors  : 0
[2026-10-04T12:02:43.104Z] [INFO ] ══════════════════════════════════════════
[2026-10-04T12:04:43.117Z] [INFO ] Calling iNext ERP API...
[2026-10-04T12:04:44.166Z] [OK   ] iNext sent 116 items
[2026-10-04T12:04:45.033Z] [INFO ] No changes: all 116 products already up to date (1.9s)
[2026-10-04T12:06:45.034Z] [INFO ] Calling iNext ERP API...
[2026-10-04T12:06:46.178Z] [OK   ] iNext sent 116 items
[2026-10-04T12:06:47.015Z] [INFO ] No changes: all 116 products already up to date (2.0s)
[2026-10-04T12:08:47.024Z] [INFO ] Calling iNext ERP API...
[2026-10-04T12:08:48.076Z] [OK   ] iNext sent 116 items
[2026-10-04T12:08:48.951Z] [INFO ] No changes: all 116 products already up to date (1.9s)
[2026-10-04T12:10:18.641Z] [INFO ] ══════════════════════════════════════════
[2026-10-04T12:10:18.644Z] [INFO ]   iNext ERP → Shopify Sync Starting
[2026-10-04T12:10:18.644Z] [INFO ] ══════════════════════════════════════════
[2026-10-04T12:10:18.645Z] [INFO ] Auto mode: syncing every 2 min. Press Ctrl+C to stop.
[2026-10-04T12:10:18.646Z] [INFO ] Calling iNext ERP API...
[2026-10-04T12:10:20.153Z] [OK   ] iNext sent 116 items
[2026-10-04T12:10:20.154Z] [INFO ] Using permanent Shopify Admin token from .env
[2026-10-04T12:10:21.165Z] [INFO ] No changes: all 116 products already up to date (2.5s)
[2026-10-04T12:10:42.328Z] [INFO ] ══════════════════════════════════════════
[2026-10-04T12:10:42.330Z] [INFO ]   iNext ERP → Shopify Sync Starting
[2026-10-04T12:10:42.331Z] [INFO ] ══════════════════════════════════════════
[2026-10-04T12:10:42.331Z] [INFO ] Auto mode: syncing every 2 min. Press Ctrl+C to stop.
[2026-10-04T12:10:42.332Z] [INFO ] Calling iNext ERP API...
[2026-10-04T12:10:43.634Z] [OK   ] iNext sent 116 items
[2026-10-04T12:10:43.635Z] [INFO ] Using permanent Shopify Admin token from .env
[2026-10-04T12:10:44.444Z] [INFO ] No changes: all 116 products already up to date (2.1s)
[2026-10-04T12:11:10.711Z] [INFO ] ══════════════════════════════════════════
[2026-10-04T12:11:10.714Z] [INFO ]   iNext ERP → Shopify Sync Starting
[2026-10-04T12:11:10.714Z] [INFO ] ══════════════════════════════════════════
[2026-10-04T12:11:10.715Z] [INFO ] Auto mode: syncing every 2 min. Press Ctrl+C to stop.
[2026-10-04T12:11:10.716Z] [INFO ] Calling iNext ERP API...
[2026-10-04T12:11:11.886Z] [OK   ] iNext sent 116 items
[2026-10-04T12:11:11.887Z] [INFO ] Using permanent Shopify Admin token from .env
[2026-10-04T12:11:12.732Z] [INFO ] No changes: all 116 products already up to date (2.0s)
[2026-10-04T12:13:12.749Z] [INFO ] Calling iNext ERP API...
[2026-10-04T12:13:13.927Z] [OK   ] iNext sent 116 items
[2026-10-04T12:13:14.717Z] [INFO ] No changes: all 116 products already up to date (2.0s)
[2026-10-04T12:15:14.732Z] [INFO ] Calling iNext ERP API...
[2026-10-04T12:15:16.119Z] [OK   ] iNext sent 116 items
[2026-10-04T12:15:16.932Z] [INFO ] No changes: all 116 products already up to date (2.2s)
[2026-10-04T12:17:16.942Z] [INFO ] Calling iNext ERP API...
[2026-10-04T12:17:18.061Z] [OK   ] iNext sent 116 items
[2026-10-04T12:17:18.861Z] [INFO ] No changes: all 116 products already up to date (1.9s)
[2026-10-04T12:19:18.863Z] [INFO ] Calling iNext ERP API...
[2026-10-04T12:19:20.001Z] [OK   ] iNext sent 116 items
[2026-10-04T12:19:20.742Z] [INFO ] No changes: all 116 products already up to date (1.9s)
[2026-10-04T12:21:20.756Z] [INFO ] Calling iNext ERP API...
[2026-10-04T12:21:21.978Z] [OK   ] iNext sent 116 items
[2026-10-04T12:21:22.768Z] [INFO ] No changes: all 116 products already up to date (2.0s)
[2026-10-04T12:23:22.783Z] [INFO ] Calling iNext ERP API...
[2026-10-04T12:23:24.239Z] [OK   ] iNext sent 116 items
[2026-10-04T12:23:25.043Z] [INFO ] No changes: all 116 products already up to date (2.3s)
[2026-10-04T12:25:25.054Z] [INFO ] Calling iNext ERP API...
[2026-10-04T12:25:27.216Z] [OK   ] iNext sent 116 items
[2026-10-04T12:25:28.494Z] [INFO ] No changes: all 116 products already up to date (3.4s)
[2026-10-04T12:27:28.508Z] [INFO ] Calling iNext ERP API...
[2026-10-04T12:27:29.581Z] [OK   ] iNext sent 116 items
[2026-10-04T12:27:30.481Z] [INFO ] No changes: all 116 products already up to date (2.0s)
[2026-10-04T12:29:30.492Z] [INFO ] Calling iNext ERP API...
[2026-10-04T12:29:31.586Z] [OK   ] iNext sent 116 items
[2026-10-04T12:29:32.386Z] [INFO ] No changes: all 116 products already up to date (1.9s)
[2026-10-04T12:31:32.396Z] [INFO ] Calling iNext ERP API...
[2026-10-04T12:31:33.535Z] [OK   ] iNext sent 116 items
[2026-10-04T12:31:34.327Z] [INFO ] No changes: all 116 products already up to date (1.9s)
[2026-10-04T12:33:34.328Z] [INFO ] Calling iNext ERP API...
[2026-10-04T12:33:35.454Z] [OK   ] iNext sent 116 items
[2026-10-04T12:33:36.410Z] [INFO ] No changes: all 116 products already up to date (2.1s)
[2026-10-04T12:35:36.417Z] [INFO ] Calling iNext ERP API...
[2026-10-04T12:35:37.676Z] [OK   ] iNext sent 116 items
[2026-10-04T12:35:38.465Z] [INFO ] No changes: all 116 products already up to date (2.0s)
[2026-10-04T12:37:38.472Z] [INFO ] Calling iNext ERP API...
[2026-10-04T12:37:39.604Z] [OK   ] iNext sent 116 items
[2026-10-04T12:37:40.417Z] [INFO ] No changes: all 116 products already up to date (1.9s)
[2026-10-04T12:39:40.422Z] [INFO ] Calling iNext ERP API...
[2026-10-04T12:39:41.589Z] [OK   ] iNext sent 116 items
[2026-10-04T12:39:42.479Z] [INFO ] No changes: all 116 products already up to date (2.1s)
[2026-10-04T12:41:42.487Z] [INFO ] Calling iNext ERP API...
[2026-10-04T12:41:43.871Z] [OK   ] iNext sent 116 items
[2026-10-04T12:41:44.762Z] [INFO ] No changes: all 116 products already up to date (2.3s)
[2026-10-04T12:43:44.778Z] [INFO ] Calling iNext ERP API...
[2026-10-04T12:43:45.987Z] [OK   ] iNext sent 116 items
[2026-10-04T12:43:46.783Z] [INFO ] No changes: all 116 products already up to date (2.0s)
[2026-10-04T12:45:46.792Z] [INFO ] Calling iNext ERP API...
[2026-10-04T12:45:48.020Z] [OK   ] iNext sent 116 items
[2026-10-04T12:45:48.790Z] [INFO ] No changes: all 116 products already up to date (2.0s)
[2026-10-04T12:47:48.806Z] [INFO ] Calling iNext ERP API...
[2026-10-04T12:47:50.769Z] [OK   ] iNext sent 116 items
[2026-10-04T12:47:51.701Z] [INFO ] No changes: all 116 products already up to date (2.9s)
[2026-10-04T12:49:51.712Z] [INFO ] Calling iNext ERP API...
[2026-10-04T12:49:52.781Z] [OK   ] iNext sent 116 items
[2026-10-04T12:49:53.559Z] [INFO ] No changes: all 116 products already up to date (1.8s)
[2026-10-04T12:51:53.564Z] [INFO ] Calling iNext ERP API...
[2026-10-04T12:51:54.748Z] [OK   ] iNext sent 116 items
[2026-10-04T12:51:55.557Z] [INFO ] No changes: all 116 products already up to date (2.0s)
[2026-10-04T12:53:55.564Z] [INFO ] Calling iNext ERP API...
[2026-10-04T12:53:56.688Z] [OK   ] iNext sent 116 items
[2026-10-04T12:53:57.450Z] [INFO ] No changes: all 116 products already up to date (1.9s)
[2026-10-04T12:55:57.455Z] [INFO ] Calling iNext ERP API...
[2026-10-04T12:55:58.776Z] [OK   ] iNext sent 116 items
[2026-10-04T12:55:59.661Z] [INFO ] No changes: all 116 products already up to date (2.2s)
[2026-10-04T12:57:59.665Z] [INFO ] Calling iNext ERP API...
[2026-10-04T12:58:00.729Z] [OK   ] iNext sent 116 items
[2026-10-04T12:58:01.644Z] [INFO ] No changes: all 116 products already up to date (2.0s)
[2026-10-04T13:00:01.657Z] [INFO ] Calling iNext ERP API...
[2026-10-04T13:00:03.051Z] [OK   ] iNext sent 116 items
[2026-10-04T13:00:03.842Z] [INFO ] No changes: all 116 products already up to date (2.2s)
[2026-10-04T13:02:03.857Z] [INFO ] Calling iNext ERP API...
[2026-10-04T13:02:05.229Z] [OK   ] iNext sent 116 items
[2026-10-04T13:02:06.219Z] [INFO ] No changes: all 116 products already up to date (2.4s)
[2026-10-04T13:04:06.232Z] [INFO ] Calling iNext ERP API...
[2026-10-04T13:04:07.354Z] [OK   ] iNext sent 116 items
[2026-10-04T13:04:08.284Z] [INFO ] No changes: all 116 products already up to date (2.1s)
[2026-10-04T13:06:08.289Z] [INFO ] Calling iNext ERP API...
[2026-10-04T13:06:09.751Z] [OK   ] iNext sent 116 items
[2026-10-04T13:06:10.599Z] [INFO ] No changes: all 116 products already up to date (2.3s)
[2026-10-04T13:08:10.615Z] [INFO ] Calling iNext ERP API...
[2026-10-04T13:08:11.994Z] [OK   ] iNext sent 116 items
[2026-10-04T13:08:12.853Z] [INFO ] No changes: all 116 products already up to date (2.2s)
[2026-10-04T13:10:12.862Z] [INFO ] Calling iNext ERP API...
[2026-10-04T13:10:14.488Z] [OK   ] iNext sent 116 items
[2026-10-04T13:10:15.914Z] [INFO ] No changes: all 116 products already up to date (3.1s)
[2026-10-04T13:12:15.923Z] [INFO ] Calling iNext ERP API...
[2026-10-04T13:12:18.047Z] [OK   ] iNext sent 116 items
[2026-10-04T13:12:18.986Z] [INFO ] No changes: all 116 products already up to date (3.1s)
[2026-10-04T13:14:18.990Z] [INFO ] Calling iNext ERP API...
[2026-10-04T13:14:20.974Z] [OK   ] iNext sent 116 items
[2026-10-04T13:14:21.795Z] [INFO ] No changes: all 116 products already up to date (2.8s)
[2026-10-04T13:16:21.798Z] [INFO ] Calling iNext ERP API...
[2026-10-04T13:16:24.215Z] [OK   ] iNext sent 116 items
[2026-10-04T13:16:25.396Z] [INFO ] No changes: all 116 products already up to date (3.6s)
[2026-10-04T13:18:25.410Z] [INFO ] Calling iNext ERP API...
[2026-10-04T13:18:27.017Z] [OK   ] iNext sent 116 items
[2026-10-04T13:18:27.825Z] [INFO ] No changes: all 116 products already up to date (2.4s)
[2026-10-04T13:20:27.842Z] [INFO ] Calling iNext ERP API...
[2026-10-04T13:20:29.511Z] [OK   ] iNext sent 116 items
[2026-10-04T13:20:30.408Z] [INFO ] No changes: all 116 products already up to date (2.6s)
[2026-10-04T13:22:30.422Z] [INFO ] Calling iNext ERP API...
[2026-10-04T13:22:31.741Z] [OK   ] iNext sent 116 items
[2026-10-04T13:22:32.687Z] [INFO ] No changes: all 116 products already up to date (2.3s)
[2026-10-04T13:26:38.078Z] [INFO ] Calling iNext ERP API...
[2026-10-04T13:26:39.462Z] [OK   ] iNext sent 116 items
[2026-10-04T13:26:40.278Z] [INFO ] No changes: all 116 products already up to date (2.2s)
[2026-10-04T13:26:52.377Z] [INFO ] ══════════════════════════════════════════
[2026-10-04T13:26:52.380Z] [INFO ]   iNext ERP → Shopify Sync Starting
[2026-10-04T13:26:52.381Z] [INFO ] ══════════════════════════════════════════
[2026-10-04T13:26:52.381Z] [INFO ] Auto mode: syncing every 2 min. Press Ctrl+C to stop.
[2026-10-04T13:26:52.382Z] [INFO ] Calling iNext ERP API...
[2026-10-04T13:26:54.159Z] [OK   ] iNext sent 116 items
[2026-10-04T13:26:54.160Z] [INFO ] Using permanent Shopify Admin token from .env
[2026-10-04T13:26:54.980Z] [INFO ] No changes: all 116 products already up to date (2.6s)
[2026-10-04T13:28:54.996Z] [INFO ] Calling iNext ERP API...
[2026-10-04T13:28:56.366Z] [OK   ] iNext sent 116 items
[2026-10-04T13:28:57.197Z] [INFO ] No changes: all 116 products already up to date (2.2s)
[2026-10-04T13:30:57.199Z] [INFO ] Calling iNext ERP API...
[2026-10-04T13:30:58.711Z] [OK   ] iNext sent 116 items
[2026-10-04T13:30:59.613Z] [INFO ] No changes: all 116 products already up to date (2.4s)
[2026-10-04T13:32:59.625Z] [INFO ] Calling iNext ERP API...
[2026-10-04T13:33:01.029Z] [OK   ] iNext sent 116 items
[2026-10-04T13:33:01.817Z] [INFO ] No changes: all 116 products already up to date (2.2s)
[2026-10-04T13:35:01.819Z] [INFO ] Calling iNext ERP API...
[2026-10-04T13:35:02.872Z] [OK   ] iNext sent 116 items
[2026-10-04T13:35:03.754Z] [INFO ] No changes: all 116 products already up to date (1.9s)
[2026-10-04T13:37:03.761Z] [INFO ] Calling iNext ERP API...
[2026-10-04T13:37:05.094Z] [OK   ] iNext sent 116 items
[2026-10-04T13:37:05.923Z] [INFO ] No changes: all 116 products already up to date (2.2s)
[2026-10-04T13:39:05.933Z] [INFO ] Calling iNext ERP API...
[2026-10-04T13:39:07.222Z] [OK   ] iNext sent 116 items
[2026-10-04T13:39:08.034Z] [INFO ] No changes: all 116 products already up to date (2.1s)
[2026-10-04T13:41:08.048Z] [INFO ] Calling iNext ERP API...
[2026-10-04T13:41:09.131Z] [OK   ] iNext sent 116 items
[2026-10-04T13:41:09.976Z] [INFO ] No changes: all 116 products already up to date (1.9s)
[2026-10-04T13:43:09.987Z] [INFO ] Calling iNext ERP API...
[2026-10-04T13:43:22.888Z] [OK   ] iNext sent 116 items
[2026-10-04T13:43:23.724Z] [INFO ] No changes: all 116 products already up to date (13.7s)
[2026-10-04T13:45:23.727Z] [INFO ] Calling iNext ERP API...
[2026-10-04T13:45:24.863Z] [OK   ] iNext sent 116 items
[2026-10-04T13:45:25.635Z] [INFO ] No changes: all 116 products already up to date (1.9s)
[2026-10-04T13:47:25.637Z] [INFO ] Calling iNext ERP API...
[2026-10-04T13:47:27.607Z] [OK   ] iNext sent 116 items
[2026-10-04T13:47:28.901Z] [INFO ] No changes: all 116 products already up to date (3.3s)
[2026-10-04T13:49:28.916Z] [INFO ] Calling iNext ERP API...
[2026-10-04T13:49:30.390Z] [OK   ] iNext sent 116 items
[2026-10-04T13:49:31.263Z] [INFO ] No changes: all 116 products already up to date (2.3s)
[2026-10-04T13:51:31.267Z] [INFO ] Calling iNext ERP API...
[2026-10-04T13:51:32.854Z] [OK   ] iNext sent 116 items
[2026-10-04T13:51:33.692Z] [INFO ] No changes: all 116 products already up to date (2.4s)
[2026-10-04T13:53:33.693Z] [INFO ] Calling iNext ERP API...
[2026-10-04T13:53:34.913Z] [OK   ] iNext sent 116 items
[2026-10-04T13:53:35.833Z] [INFO ] No changes: all 116 products already up to date (2.1s)
[2026-10-04T13:55:35.835Z] [INFO ] Calling iNext ERP API...
[2026-10-04T13:55:37.218Z] [OK   ] iNext sent 116 items
[2026-10-04T13:55:38.057Z] [INFO ] No changes: all 116 products already up to date (2.2s)
[2026-10-04T15:53:52.426Z] [INFO ] ══════════════════════════════════════════
[2026-10-04T15:53:52.428Z] [INFO ]   iNext ERP → Shopify Sync Starting
[2026-10-04T15:53:52.428Z] [INFO ] ══════════════════════════════════════════
[2026-10-04T15:53:52.429Z] [INFO ] Auto mode: syncing every 2 min. Press Ctrl+C to stop.
[2026-10-04T15:53:52.430Z] [INFO ] Calling iNext ERP API...
[2026-10-04T15:53:56.872Z] [OK   ] iNext sent 116 items
[2026-10-04T15:53:56.873Z] [INFO ] Using permanent Shopify Admin token from .env
[2026-10-04T15:54:01.426Z] [INFO ] Using Shopify location 109294616760 for stock updates
[2026-10-04T15:54:02.785Z] [OK   ] [37/116] STOCK: 1 → 0 (SKU: M01262595)
[2026-10-04T15:54:03.403Z] [INFO ] ══════════════════════════════════════════
[2026-10-04T15:54:03.404Z] [INFO ]   Sync Complete in 11.0s
[2026-10-04T15:54:03.404Z] [INFO ]   ✅ Created : 0
[2026-10-04T15:54:03.405Z] [INFO ]   🔄 Updated : 0
[2026-10-04T15:54:03.405Z] [INFO ]   📦 Stock   : 1 changed
[2026-10-04T15:54:03.405Z] [INFO ]   ⏭️  Skipped : 115
[2026-10-04T15:54:03.406Z] [INFO ]   ❌ Errors  : 0
[2026-10-04T15:54:03.406Z] [INFO ] ══════════════════════════════════════════
[2026-10-04T15:56:03.416Z] [INFO ] Calling iNext ERP API...
[2026-10-04T15:56:04.483Z] [OK   ] iNext sent 116 items
[2026-10-04T15:56:06.535Z] [INFO ] No changes: all 116 products already up to date (3.1s)
[2026-10-04T15:58:06.544Z] [INFO ] Calling iNext ERP API...
[2026-10-04T15:58:08.201Z] [OK   ] iNext sent 116 items
[2026-10-04T15:58:09.012Z] [INFO ] No changes: all 116 products already up to date (2.5s)
[2026-10-04T16:00:01.004Z] [INFO ] ══════════════════════════════════════════
[2026-10-04T16:00:01.006Z] [INFO ]   iNext ERP → Shopify Sync Starting
[2026-10-04T16:00:01.007Z] [INFO ] ══════════════════════════════════════════
[2026-10-04T16:00:01.007Z] [INFO ] Auto mode: syncing every 2 min. Press Ctrl+C to stop.
[2026-10-04T16:00:01.008Z] [INFO ] Calling iNext ERP API...
[2026-10-04T16:00:02.217Z] [OK   ] iNext sent 116 items
[2026-10-04T16:00:02.218Z] [INFO ] Using permanent Shopify Admin token from .env
[2026-10-04T16:00:03.238Z] [INFO ] No changes: all 116 products already up to date (2.2s)
[2026-10-04T16:02:03.241Z] [INFO ] Calling iNext ERP API...
[2026-10-04T16:02:04.462Z] [OK   ] iNext sent 116 items
[2026-10-04T16:02:05.994Z] [INFO ] Using Shopify location 109294616760 for stock updates
[2026-10-04T16:02:06.492Z] [OK   ] [37/116] STOCK: 0 → 1 (SKU: M01262595)
[2026-10-04T16:02:07.096Z] [INFO ] ══════════════════════════════════════════
[2026-10-04T16:02:07.096Z] [INFO ]   Sync Complete in 3.9s
[2026-10-04T16:02:07.097Z] [INFO ]   ✅ Created : 0
[2026-10-04T16:02:07.097Z] [INFO ]   🔄 Updated : 0
[2026-10-04T16:02:07.098Z] [INFO ]   📦 Stock   : 1 changed
[2026-10-04T16:02:07.098Z] [INFO ]   ⏭️  Skipped : 115
[2026-10-04T16:02:07.099Z] [INFO ]   ❌ Errors  : 0
[2026-10-04T16:02:07.099Z] [INFO ] ══════════════════════════════════════════
[2026-10-04T16:03:27.986Z] [INFO ] ══════════════════════════════════════════
[2026-10-04T16:03:27.988Z] [INFO ]   iNext ERP → Shopify Sync Starting
[2026-10-04T16:03:27.989Z] [INFO ] ══════════════════════════════════════════
[2026-10-04T16:03:27.989Z] [INFO ] Auto mode: syncing every 2 min. Press Ctrl+C to stop.
[2026-10-04T16:03:27.990Z] [INFO ] Calling iNext ERP API...
[2026-10-04T16:03:29.374Z] [OK   ] iNext sent 116 items
[2026-10-04T16:03:29.375Z] [INFO ] Using permanent Shopify Admin token from .env
[2026-10-04T16:03:30.315Z] [INFO ] No changes: all 116 products already up to date (2.3s)
[2026-10-04T16:05:30.331Z] [INFO ] Calling iNext ERP API...
[2026-10-04T16:05:31.955Z] [OK   ] iNext sent 116 items
[2026-10-04T16:05:32.825Z] [INFO ] No changes: all 116 products already up to date (2.5s)
[2026-10-04T16:07:32.833Z] [INFO ] Calling iNext ERP API...
[2026-10-04T16:07:34.201Z] [OK   ] iNext sent 116 items
[2026-10-04T16:07:35.129Z] [INFO ] No changes: all 116 products already up to date (2.3s)
[2026-10-04T16:09:35.129Z] [INFO ] Calling iNext ERP API...
[2026-10-04T16:09:36.440Z] [OK   ] iNext sent 116 items
[2026-10-04T16:09:37.252Z] [INFO ] No changes: all 116 products already up to date (2.1s)
[2026-10-04T16:10:32.089Z] [INFO ] ══════════════════════════════════════════
[2026-10-04T16:10:32.092Z] [INFO ]   iNext ERP → Shopify Sync Starting
[2026-10-04T16:10:32.092Z] [INFO ] ══════════════════════════════════════════
[2026-10-04T16:10:32.093Z] [INFO ] Auto mode: syncing every 2 min. Press Ctrl+C to stop.
[2026-10-04T16:10:32.094Z] [INFO ] Calling iNext ERP API...
[2026-10-04T16:10:33.256Z] [OK   ] iNext sent 116 items
[2026-10-04T16:10:33.258Z] [INFO ] Using permanent Shopify Admin token from .env
[2026-10-04T16:10:34.173Z] [INFO ] No changes: all 116 products already up to date (2.1s)
[2026-10-04T16:12:34.189Z] [INFO ] Calling iNext ERP API...
[2026-10-04T16:12:35.596Z] [OK   ] iNext sent 116 items
[2026-10-04T16:12:36.483Z] [INFO ] No changes: all 116 products already up to date (2.3s)
[2026-10-04T16:14:36.489Z] [INFO ] Calling iNext ERP API...
[2026-10-04T16:14:38.400Z] [OK   ] iNext sent 116 items
[2026-10-04T16:14:39.486Z] [INFO ] No changes: all 116 products already up to date (3.0s)
[2026-10-04T16:16:39.495Z] [INFO ] Calling iNext ERP API...
[2026-10-04T16:16:43.053Z] [WARN ] iNext sent no items: Database connection failed
[2026-10-04T16:16:43.054Z] [WARN ] Nothing to update; Shopify left as it is.
[2026-10-04T16:18:43.059Z] [INFO ] Calling iNext ERP API...
[2026-10-04T16:18:46.508Z] [WARN ] iNext sent no items: Database connection failed
[2026-10-04T16:18:46.509Z] [WARN ] Nothing to update; Shopify left as it is.
[2026-10-04T16:20:46.512Z] [INFO ] Calling iNext ERP API...
[2026-10-04T16:20:49.881Z] [WARN ] iNext sent no items: Database connection failed
[2026-10-04T16:20:49.882Z] [WARN ] Nothing to update; Shopify left as it is.
[2026-10-04T16:22:49.894Z] [INFO ] Calling iNext ERP API...
[2026-10-04T16:22:53.236Z] [WARN ] iNext sent no items: Database connection failed
[2026-10-04T16:22:53.239Z] [WARN ] Nothing to update; Shopify left as it is.
[2026-10-04T16:24:53.247Z] [INFO ] Calling iNext ERP API...
[2026-10-04T16:24:56.534Z] [WARN ] iNext sent no items: Database connection failed
[2026-10-04T16:24:56.535Z] [WARN ] Nothing to update; Shopify left as it is.
[2026-10-04T16:26:56.537Z] [INFO ] Calling iNext ERP API...
[2026-10-04T16:26:59.912Z] [WARN ] iNext sent no items: Database connection failed
[2026-10-04T16:26:59.913Z] [WARN ] Nothing to update; Shopify left as it is.
[2026-10-04T16:28:59.923Z] [INFO ] Calling iNext ERP API...
[2026-10-04T16:29:03.215Z] [WARN ] iNext sent no items: Database connection failed
[2026-10-04T16:29:03.216Z] [WARN ] Nothing to update; Shopify left as it is.
[2026-10-04T16:31:03.226Z] [INFO ] Calling iNext ERP API...
[2026-10-04T16:31:06.490Z] [WARN ] iNext sent no items: Database connection failed
[2026-10-04T16:31:06.491Z] [WARN ] Nothing to update; Shopify left as it is.
[2026-10-04T16:33:06.494Z] [INFO ] Calling iNext ERP API...
[2026-10-04T16:33:09.856Z] [WARN ] iNext sent no items: Database connection failed
[2026-10-04T16:33:09.857Z] [WARN ] Nothing to update; Shopify left as it is.
[2026-10-04T16:35:09.863Z] [INFO ] Calling iNext ERP API...
[2026-10-04T16:35:13.140Z] [WARN ] iNext sent no items: Database connection failed
[2026-10-04T16:35:13.141Z] [WARN ] Nothing to update; Shopify left as it is.
[2026-10-04T16:37:13.149Z] [INFO ] Calling iNext ERP API...
[2026-10-04T16:37:16.561Z] [WARN ] iNext sent no items: Database connection failed
[2026-10-04T16:37:16.562Z] [WARN ] Nothing to update; Shopify left as it is.
[2026-10-04T16:39:16.566Z] [INFO ] Calling iNext ERP API...
[2026-10-04T16:39:19.997Z] [WARN ] iNext sent no items: Database connection failed
[2026-10-04T16:39:19.997Z] [WARN ] Nothing to update; Shopify left as it is.
[2026-10-04T16:41:20.005Z] [INFO ] Calling iNext ERP API...
[2026-10-04T16:41:23.325Z] [WARN ] iNext sent no items: Database connection failed
[2026-10-04T16:41:23.326Z] [WARN ] Nothing to update; Shopify left as it is.
[2026-10-04T16:43:23.336Z] [INFO ] Calling iNext ERP API...
[2026-10-04T16:43:26.673Z] [WARN ] iNext sent no items: Database connection failed
[2026-10-04T16:43:26.674Z] [WARN ] Nothing to update; Shopify left as it is.
[2026-10-04T16:45:26.688Z] [INFO ] Calling iNext ERP API...
[2026-10-04T16:45:29.948Z] [WARN ] iNext sent no items: Database connection failed
[2026-10-04T16:45:29.949Z] [WARN ] Nothing to update; Shopify left as it is.
[2026-10-04T16:47:29.964Z] [INFO ] Calling iNext ERP API...
[2026-10-04T16:47:33.315Z] [WARN ] iNext sent no items: Database connection failed
[2026-10-04T16:47:33.316Z] [WARN ] Nothing to update; Shopify left as it is.
[2026-10-04T16:49:33.323Z] [INFO ] Calling iNext ERP API...
[2026-10-04T16:49:36.679Z] [WARN ] iNext sent no items: Database connection failed
[2026-10-04T16:49:36.679Z] [WARN ] Nothing to update; Shopify left as it is.
